// Jest Snapshot v1, https://goo.gl/fbAQLP

exports[`Screen - Dashboard should render the screen 1`] = `
<div>
  <div
    class="makeStyles-root-1"
    data-testid="screen-dashboard"
  >
    <h4
      class="MuiTypography-root MuiTypography-h4"
    >
      Welcome to Diamond HQ
    </h4>
  </div>
</div>
`;
