// Jest Snapshot v1, https://goo.gl/fbAQLP

exports[`Component - NavPrimary renders empty NavPrimary screen for unauthenticated users 1`] = `
<div
  aria-hidden="true"
>
  <nav
    class="NavPrimary-drawer-5"
  />
</div>
`;

exports[`Component - NavPrimary renders the NavPrimary screen 1`] = `
<div
  aria-hidden="true"
>
  <nav
    class="NavPrimary-drawer-5"
  />
</div>
`;

exports[`Component - NavPrimary should enforce auth context 1`] = `
<div>
  <div
    class="ErrorBoundary-root-1"
  >
    <h1
      class="MuiTypography-root ErrorBoundary-errorHeader-2 MuiTypography-h6"
    >
      Error
    </h1>
    <span
      class="MuiTypography-root ErrorBoundary-errorMessage-3 MuiTypography-body1"
    >
      The site has encountered an error
    </span>
  </div>
</div>
`;
