// Jest Snapshot v1, https://goo.gl/fbAQLP

exports[`Component - ErrorBoundary Renders Component if no error 1`] = `
<div>
  <div />
</div>
`;

exports[`Component - ErrorBoundary Renders ErrorBoundary Fallback if error 1`] = `
<div>
  <div
    class="ErrorBoundary-root-1"
  >
    <h1
      class="MuiTypography-root ErrorBoundary-errorHeader-2 MuiTypography-h6"
    >
      Error
    </h1>
    <span
      class="MuiTypography-root ErrorBoundary-errorMessage-3 MuiTypography-body1"
    >
      The site has encountered an error
    </span>
  </div>
</div>
`;
